Initializing RocketSim version 2.1.1, created by ZealanL...
Loading arena meshes for soccar...
   > Loaded 483 verts and 880 tris, hash: 0xa160baf9
   > Loaded 483 verts and 880 tris, hash: 0x2811eee8
   > Loaded 80 verts and 126 tris, hash: 0xb81ac8b9
   > Loaded 80 verts and 126 tris, hash: 0x760358d3
   > Loaded 80 verts and 126 tris, hash: 0x73ae4940
   > Loaded 80 verts and 126 tris, hash: 0x918f4a4e
   > Loaded 18 verts and 16 tris, hash: 0x1f8ee550
   > Loaded 18 verts and 16 tris, hash: 0x255ba8c1
   > Loaded 483 verts and 880 tris, hash: 0x14b84668
   > Loaded 483 verts and 880 tris, hash: 0xec759ebf
   > Loaded 536 verts and 983 tris, hash: 0x94fb0d5c
   > Loaded 536 verts and 983 tris, hash: 0xdea07102
   > Loaded 536 verts and 983 tris, hash: 0xbd4fbea8
   > Loaded 536 verts and 983 tris, hash: 0x39a47f63
   > Loaded 18 verts and 16 tris, hash: 0x3d79d25d
   > Loaded 18 verts and 16 tris, hash: 0xd84c7a68
RocketSim::Init(): Finished loading arena collision meshes:
 > Soccar: 16
 > Hoops: 0
Finished initializing RocketSim in 0.011s!
Learner::Learner():
	Checkpoint Load Dir: ""
	Checkpoint Save Dir: ""
	Using CPU device...
	Initializing RocketSim...
	Creating test environment to determine OBS size and action amount...
DiscreteAction(): Lookup table built, action count: 90
		OBS size: 89
		Action amount: 90
	Creating experience buffer...
	Creating PPO Learner...
	Creating agent manager...
	Creating 16 agents...
Learner::Learn():
	Starting agents...
	Beginning learning loop:
Collecting timesteps...
Concatenating timesteps...
Adding experience...
Learning...
Calling iteration callback...


============================================
ITERATION COMPLETED:

Average Episode Reward: 0.0500
Average Step Reward: 3.540262e-05
Policy Entropy: 4.4988
Value Function Loss: 0.0014

Mean KL Divergence: 0
SB3 Clip Fraction: 0
Policy Update Magnitude: 0.0674
Value Function Update Magnitude: 0.0684

Collected Steps/Second: 27,876
Overall Steps/Second: 19,392

Collection Time: 3.6458
 - Policy Infer Time: 0.6451
 - Env Step Time: 2.8746
Consumption Time: 1.5951
 - PPO Learn Time: 0.9983
Collect-Consume Overlap Time: 0
Total Iteration Time: 5.2408

Cumulative Model Updates: 1
Cumulative Timesteps: 101,632

Timesteps Collected: 101,632
============================================


Collecting timesteps...
Concatenating timesteps...
Adding experience...
Learning...
Calling iteration callback...


============================================
ITERATION COMPLETED:

Average Episode Reward: 0.0500
Average Step Reward: 1.914828e-05
Policy Entropy: 4.4988
Value Function Loss: 0.0023

Mean KL Divergence: 9.584634e-06
SB3 Clip Fraction: 0
Policy Update Magnitude: 0.0960
Value Function Update Magnitude: 0.0863

Collected Steps/Second: 66,878
Overall Steps/Second: 32,711

Collection Time: 1.5359
 - Policy Infer Time: 0.9552
 - Env Step Time: 0.5007
Consumption Time: 1.6042
 - PPO Learn Time: 1.1273
Collect-Consume Overlap Time: 0
Total Iteration Time: 3.1401

Cumulative Model Updates: 3
Cumulative Timesteps: 204,352

Timesteps Collected: 102,720
============================================


Collecting timesteps...
Concatenating timesteps...
Adding experience...
Learning...
Calling iteration callback...


============================================
ITERATION COMPLETED:

Average Episode Reward: 0.0500
Average Step Reward: 1.826923e-05
Policy Entropy: 4.4988
Value Function Loss: 0.0015

Mean KL Divergence: 3.409400e-05
SB3 Clip Fraction: 0
Policy Update Magnitude: 0.1186
Value Function Update Magnitude: 0.1079

Collected Steps/Second: 104,936
Overall Steps/Second: 36,671

Collection Time: 0.9960
 - Policy Infer Time: 0.5691
 - Env Step Time: 0.3653
Consumption Time: 1.8540
 - PPO Learn Time: 1.4445
Collect-Consume Overlap Time: 0
Total Iteration Time: 2.8500

Cumulative Model Updates: 6
Cumulative Timesteps: 308,864

Timesteps Collected: 104,512
============================================


Collecting timesteps...
Concatenating timesteps...
Adding experience...
Learning...
Calling iteration callback...


============================================
ITERATION COMPLETED:

Average Episode Reward: 0.0049
Average Step Reward: 1.486208e-05
Policy Entropy: 4.4987
Value Function Loss: 0.0024

Mean KL Divergence: 4.331593e-05
SB3 Clip Fraction: 0
Policy Update Magnitude: 0.0997
Value Function Update Magnitude: 0.1017

Collected Steps/Second: 132,544
Overall Steps/Second: 37,952

Collection Time: 0.7615
 - Policy Infer Time: 0.4495
 - Env Step Time: 0.2749
Consumption Time: 1.8978
 - PPO Learn Time: 1.4727
Collect-Consume Overlap Time: 0
Total Iteration Time: 2.6593

Cumulative Model Updates: 9
Cumulative Timesteps: 409,792

Timesteps Collected: 100,928
============================================


Collecting timesteps...
Concatenating timesteps...
Adding experience...
Learning...
Calling iteration callback...


============================================
ITERATION COMPLETED:

Average Episode Reward: 0.0033
Average Step Reward: 1.676926e-05
Policy Entropy: 4.4986
Value Function Loss: 0.0017

Mean KL Divergence: 4.174950e-05
SB3 Clip Fraction: 0
Policy Update Magnitude: 0.0904
Value Function Update Magnitude: 0.0998

Collected Steps/Second: 117,348
Overall Steps/Second: 37,840

Collection Time: 0.8732
 - Policy Infer Time: 0.5184
 - Env Step Time: 0.3129
Consumption Time: 1.8346
 - PPO Learn Time: 1.3577
Collect-Consume Overlap Time: 0
Total Iteration Time: 2.7078

Cumulative Model Updates: 12
Cumulative Timesteps: 512,256

Timesteps Collected: 102,464
============================================


Collecting timesteps...
Concatenating timesteps...
Adding experience...
Learning...
Calling iteration callback...


============================================
ITERATION COMPLETED:

Average Episode Reward: 0.0101
Average Step Reward: 1.918355e-05
Policy Entropy: 4.4985
Value Function Loss: 0.0017

Mean KL Divergence: 3.589576e-05
SB3 Clip Fraction: 0
Policy Update Magnitude: 0.0852
Value Function Update Magnitude: 0.0988

Collected Steps/Second: 134,686
Overall Steps/Second: 41,306

Collection Time: 0.7627
 - Policy Infer Time: 0.4462
 - Env Step Time: 0.2682
Consumption Time: 1.7241
 - PPO Learn Time: 1.3469
Collect-Consume Overlap Time: 0
Total Iteration Time: 2.4867

Cumulative Model Updates: 15
Cumulative Timesteps: 614,976

Timesteps Collected: 102,720
============================================


Collecting timesteps...
Concatenating timesteps...
Adding experience...
Learning...
Calling iteration callback...


============================================
ITERATION COMPLETED:

Average Episode Reward: 0.0204
Average Step Reward: 1.288864e-05
Policy Entropy: 4.4985
Value Function Loss: 0.0017

Mean KL Divergence: 3.811423e-05
SB3 Clip Fraction: 0
Policy Update Magnitude: 0.0811
Value Function Update Magnitude: 0.0958

Collected Steps/Second: 139,620
Overall Steps/Second: 42,246

Collection Time: 0.7330
 - Policy Infer Time: 0.4257
 - Env Step Time: 0.2605
Consumption Time: 1.6894
 - PPO Learn Time: 1.3205
Collect-Consume Overlap Time: 0
Total Iteration Time: 2.4224

Cumulative Model Updates: 18
Cumulative Timesteps: 717,312

Timesteps Collected: 102,336
============================================


Collecting timesteps...
Concatenating timesteps...
Adding experience...
Learning...
Calling iteration callback...


============================================
ITERATION COMPLETED:

Average Episode Reward: 0.0065
Average Step Reward: 2.057210e-05
Policy Entropy: 4.4985
Value Function Loss: 0.0021

Mean KL Divergence: 3.727983e-05
SB3 Clip Fraction: 0
Policy Update Magnitude: 0.0783
Value Function Update Magnitude: 0.0992

Collected Steps/Second: 141,137
Overall Steps/Second: 42,363

Collection Time: 0.7215
 - Policy Infer Time: 0.4160
 - Env Step Time: 0.2556
Consumption Time: 1.6821
 - PPO Learn Time: 1.3140
Collect-Consume Overlap Time: 0
Total Iteration Time: 2.4036

Cumulative Model Updates: 21
Cumulative Timesteps: 819,136

Timesteps Collected: 101,824
============================================


Collecting timesteps...
Concatenating timesteps...
Adding experience...
Learning...
Calling iteration callback...


============================================
ITERATION COMPLETED:

Average Episode Reward: 0.0070
Average Step Reward: 1.537516e-05
Policy Entropy: 4.4985
Value Function Loss: 0.0023

Mean KL Divergence: 3.473540e-05
SB3 Clip Fraction: 0
Policy Update Magnitude: 0.0809
Value Function Update Magnitude: 0.1077

Collected Steps/Second: 146,391
Overall Steps/Second: 43,409

Collection Time: 0.7087
 - Policy Infer Time: 0.4038
 - Env Step Time: 0.2556
Consumption Time: 1.6812
 - PPO Learn Time: 1.3641
Collect-Consume Overlap Time: 0
Total Iteration Time: 2.3899

Cumulative Model Updates: 24
Cumulative Timesteps: 922,880

Timesteps Collected: 103,744
============================================


Collecting timesteps...
Concatenating timesteps...
Adding experience...
Learning...
Calling iteration callback...


============================================
ITERATION COMPLETED:

Average Episode Reward: 0.0063
Average Step Reward: 2.414246e-05
Policy Entropy: 4.4984
Value Function Loss: 0.0049

Mean KL Divergence: 4.309326e-05
SB3 Clip Fraction: 0
Policy Update Magnitude: 0.0835
Value Function Update Magnitude: 0.1095

Collected Steps/Second: 134,536
Overall Steps/Second: 41,279

Collection Time: 0.7668
 - Policy Infer Time: 0.4439
 - Env Step Time: 0.2726
Consumption Time: 1.7324
 - PPO Learn Time: 1.4124
Collect-Consume Overlap Time: 0
Total Iteration Time: 2.4992

Cumulative Model Updates: 27
Cumulative Timesteps: 1,026,048

Timesteps Collected: 103,168
============================================


Collecting timesteps...
Concatenating timesteps...
Adding experience...
Learning...
Calling iteration callback...


============================================
ITERATION COMPLETED:

Average Episode Reward: 0.0065
Average Step Reward: 1.960477e-05
Policy Entropy: 4.4984
Value Function Loss: 0.0053

Mean KL Divergence: 6.067930e-05
SB3 Clip Fraction: 0
Policy Update Magnitude: 0.0886
Value Function Update Magnitude: 0.1121

Collected Steps/Second: 147,873
Overall Steps/Second: 44,180

Collection Time: 0.6951
 - Policy Infer Time: 0.4003
 - Env Step Time: 0.2479
Consumption Time: 1.6314
 - PPO Learn Time: 1.3149
Collect-Consume Overlap Time: 0
Total Iteration Time: 2.3265

Cumulative Model Updates: 30
Cumulative Timesteps: 1,128,832

Timesteps Collected: 102,784
============================================


Collecting timesteps...
Concatenating timesteps...
Adding experience...
Learning...
Calling iteration callback...


============================================
ITERATION COMPLETED:

Average Episode Reward: 0.0101
Average Step Reward: 2.307692e-05
Policy Entropy: 4.4982
Value Function Loss: 0.0046

Mean KL Divergence: 7.907909e-05
SB3 Clip Fraction: 0
Policy Update Magnitude: 0.0930
Value Function Update Magnitude: 0.1188

Collected Steps/Second: 147,031
Overall Steps/Second: 44,823

Collection Time: 0.7017
 - Policy Infer Time: 0.4078
 - Env Step Time: 0.2484
Consumption Time: 1.6000
 - PPO Learn Time: 1.2844
Collect-Consume Overlap Time: 0
Total Iteration Time: 2.3017

Cumulative Model Updates: 33
Cumulative Timesteps: 1,232,000

Timesteps Collected: 103,168
============================================


Collecting timesteps...
Concatenating timesteps...
Adding experience...
Learning...
Calling iteration callback...


============================================
ITERATION COMPLETED:

Average Episode Reward: 0.0338
Average Step Reward: 1.860119e-05
Policy Entropy: 4.4980
Value Function Loss: 0.0013

Mean KL Divergence: 9.243128e-05
SB3 Clip Fraction: 0
Policy Update Magnitude: 0.0850
Value Function Update Magnitude: 0.0983

Collected Steps/Second: 150,183
Overall Steps/Second: 45,072

Collection Time: 0.6861
 - Policy Infer Time: 0.3926
 - Env Step Time: 0.2481
Consumption Time: 1.6000
 - PPO Learn Time: 1.2905
Collect-Consume Overlap Time: 0
Total Iteration Time: 2.2861

Cumulative Model Updates: 36
Cumulative Timesteps: 1,335,040

Timesteps Collected: 103,040
============================================


Collecting timesteps...
Concatenating timesteps...
Adding experience...
Learning...
Calling iteration callback...


============================================
ITERATION COMPLETED:

Average Episode Reward: 0.0069
Average Step Reward: 1.352814e-05
Policy Entropy: 4.4978
Value Function Loss: 4.665988e-04

Mean KL Divergence: 9.289217e-05
SB3 Clip Fraction: 0
Policy Update Magnitude: 0.0703
Value Function Update Magnitude: 0.0781

Collected Steps/Second: 146,041
Overall Steps/Second: 44,484

Collection Time: 0.7056
 - Policy Infer Time: 0.4059
 - Env Step Time: 0.2514
Consumption Time: 1.6108
 - PPO Learn Time: 1.2962
Collect-Consume Overlap Time: 0
Total Iteration Time: 2.3163

Cumulative Model Updates: 39
Cumulative Timesteps: 1,438,080

Timesteps Collected: 103,040
============================================


Collecting timesteps...
Concatenating timesteps...
Adding experience...
Learning...
Calling iteration callback...


============================================
ITERATION COMPLETED:

Average Episode Reward: 0.0085
Average Step Reward: 2.227991e-05
Policy Entropy: 4.4976
Value Function Loss: 8.703154e-04

Mean KL Divergence: 7.245658e-05
SB3 Clip Fraction: 0
Policy Update Magnitude: 0.0598
Value Function Update Magnitude: 0.0765

Collected Steps/Second: 142,966
Overall Steps/Second: 43,868

Collection Time: 0.7140
 - Policy Infer Time: 0.4175
 - Env Step Time: 0.2506
Consumption Time: 1.6129
 - PPO Learn Time: 1.2968
Collect-Consume Overlap Time: 0
Total Iteration Time: 2.3269

Cumulative Model Updates: 42
Cumulative Timesteps: 1,540,160

Timesteps Collected: 102,080
============================================


Collecting timesteps...
Concatenating timesteps...
Adding experience...
Learning...
Calling iteration callback...


============================================
ITERATION COMPLETED:

Average Episode Reward: 0.0053
Average Step Reward: 1.881337e-05
Policy Entropy: 4.4974
Value Function Loss: 8.702957e-04

Mean KL Divergence: 4.858700e-05
SB3 Clip Fraction: 0
Policy Update Magnitude: 0.0575
Value Function Update Magnitude: 0.0839

Collected Steps/Second: 149,375
Overall Steps/Second: 43,774

Collection Time: 0.6825
 - Policy Infer Time: 0.3950
 - Env Step Time: 0.2429
Consumption Time: 1.6465
 - PPO Learn Time: 1.3003
Collect-Consume Overlap Time: 0
Total Iteration Time: 2.3290

Cumulative Model Updates: 45
Cumulative Timesteps: 1,642,112

Timesteps Collected: 101,952
============================================


Collecting timesteps...
Concatenating timesteps...
Adding experience...
Learning...
Calling iteration callback...


============================================
ITERATION COMPLETED:

Average Episode Reward: 0.0213
Average Step Reward: 1.682236e-05
Policy Entropy: 4.4975
Value Function Loss: 0.0011

Mean KL Divergence: 3.564985e-05
SB3 Clip Fraction: 0
Policy Update Magnitude: 0.0579
Value Function Update Magnitude: 0.0921

Collected Steps/Second: 141,261
Overall Steps/Second: 44,225

Collection Time: 0.7208
 - Policy Infer Time: 0.4165
 - Env Step Time: 0.2557
Consumption Time: 1.5816
 - PPO Learn Time: 1.2743
Collect-Consume Overlap Time: 0
Total Iteration Time: 2.3024

Cumulative Model Updates: 48
Cumulative Timesteps: 1,743,936

Timesteps Collected: 101,824
============================================


Collecting timesteps...
Concatenating timesteps...
Adding experience...
Learning...
Calling iteration callback...


============================================
ITERATION COMPLETED:

Average Episode Reward: 0.0098
Average Step Reward: 1.159555e-05
Policy Entropy: 4.4975
Value Function Loss: 7.989156e-04

Mean KL Divergence: 3.349841e-05
SB3 Clip Fraction: 0
Policy Update Magnitude: 0.0569
Value Function Update Magnitude: 0.0872

Collected Steps/Second: 144,715
Overall Steps/Second: 44,493

Collection Time: 0.7133
 - Policy Infer Time: 0.4086
 - Env Step Time: 0.2561
Consumption Time: 1.6068
 - PPO Learn Time: 1.2846
Collect-Consume Overlap Time: 0
Total Iteration Time: 2.3201

Cumulative Model Updates: 51
Cumulative Timesteps: 1,847,168

Timesteps Collected: 103,232
============================================


Collecting timesteps...
Concatenating timesteps...
Adding experience...
Learning...
Calling iteration callback...


============================================
ITERATION COMPLETED:

Average Episode Reward: 0.0039
Average Step Reward: 1.771096e-05
Policy Entropy: 4.4976
Value Function Loss: 7.208447e-04

Mean KL Divergence: 3.257084e-05
SB3 Clip Fraction: 0
Policy Update Magnitude: 0.0571
Value Function Update Magnitude: 0.0730

Collected Steps/Second: 152,830
Overall Steps/Second: 44,992

Collection Time: 0.6646
 - Policy Infer Time: 0.3849
 - Env Step Time: 0.2365
Consumption Time: 1.5929
 - PPO Learn Time: 1.2717
Collect-Consume Overlap Time: 0
Total Iteration Time: 2.2575

Cumulative Model Updates: 54
Cumulative Timesteps: 1,948,736

Timesteps Collected: 101,568
============================================


Collecting timesteps...
Concatenating timesteps...
Adding experience...
Learning...
Calling iteration callback...


============================================
ITERATION COMPLETED:

Average Episode Reward: 0.0076
Average Step Reward: 1.964173e-05
Policy Entropy: 4.4977
Value Function Loss: 5.893315e-04

Mean KL Divergence: 3.369519e-05
SB3 Clip Fraction: 0
Policy Update Magnitude: 0.0531
Value Function Update Magnitude: 0.0596

Collected Steps/Second: 144,224
Overall Steps/Second: 42,222

Collection Time: 0.7078
 - Policy Infer Time: 0.4137
 - Env Step Time: 0.2473
Consumption Time: 1.7099
 - PPO Learn Time: 1.3848
Collect-Consume Overlap Time: 0
Total Iteration Time: 2.4177

Cumulative Model Updates: 57
Cumulative Timesteps: 2,050,816

Timesteps Collected: 102,080
============================================


Collecting timesteps...
Concatenating timesteps...
Adding experience...
Learning...
Calling iteration callback...


============================================
ITERATION COMPLETED:

Average Episode Reward: 0.0114
Average Step Reward: 3.067605e-05
Policy Entropy: 4.4977
Value Function Loss: 0.0011

Mean KL Divergence: 3.183470e-05
SB3 Clip Fraction: 0
Policy Update Magnitude: 0.0538
Value Function Update Magnitude: 0.0556

Collected Steps/Second: 100,562
Overall Steps/Second: 36,865

Collection Time: 1.0068
 - Policy Infer Time: 0.5823
 - Env Step Time: 0.3572
Consumption Time: 1.7396
 - PPO Learn Time: 1.4032
Collect-Consume Overlap Time: 0
Total Iteration Time: 2.7464

Cumulative Model Updates: 60
Cumulative Timesteps: 2,152,064

Timesteps Collected: 101,248
============================================


Collecting timesteps...
Concatenating timesteps...
Adding experience...
Learning...
Calling iteration callback...


============================================
ITERATION COMPLETED:

Average Episode Reward: 0.0134
Average Step Reward: 2.131122e-05
Policy Entropy: 4.4978
Value Function Loss: 0.0014

Mean KL Divergence: 3.152557e-05
SB3 Clip Fraction: 0
Policy Update Magnitude: 0.0607
Value Function Update Magnitude: 0.0570

Collected Steps/Second: 124,612
Overall Steps/Second: 41,969

Collection Time: 0.8207
 - Policy Infer Time: 0.4725
 - Env Step Time: 0.2970
Consumption Time: 1.6161
 - PPO Learn Time: 1.2918
Collect-Consume Overlap Time: 0
Total Iteration Time: 2.4368

Cumulative Model Updates: 63
Cumulative Timesteps: 2,254,336

Timesteps Collected: 102,272
============================================


Collecting timesteps...
Concatenating timesteps...
Adding experience...
Learning...
Calling iteration callback...


============================================
ITERATION COMPLETED:

Average Episode Reward: 0.0107
Average Step Reward: 8.675201e-06
Policy Entropy: 4.4978
Value Function Loss: 0.0019

Mean KL Divergence: 3.728749e-05
SB3 Clip Fraction: 0
Policy Update Magnitude: 0.0656
Value Function Update Magnitude: 0.0643

Collected Steps/Second: 129,299
Overall Steps/Second: 43,416

Collection Time: 0.7974
 - Policy Infer Time: 0.4596
 - Env Step Time: 0.2868
Consumption Time: 1.5774
 - PPO Learn Time: 1.2511
Collect-Consume Overlap Time: 0
Total Iteration Time: 2.3748

Cumulative Model Updates: 66
Cumulative Timesteps: 2,357,440

Timesteps Collected: 103,104
============================================


Collecting timesteps...
Concatenating timesteps...
Adding experience...
Learning...
Calling iteration callback...


============================================
ITERATION COMPLETED:

Average Episode Reward: 0.0043
Average Step Reward: 2.467624e-05
Policy Entropy: 4.4978
Value Function Loss: 0.0015

Mean KL Divergence: 4.263734e-05
SB3 Clip Fraction: 0
Policy Update Magnitude: 0.0686
Value Function Update Magnitude: 0.0717

Collected Steps/Second: 110,825
Overall Steps/Second: 37,170

Collection Time: 0.9228
 - Policy Infer Time: 0.5321
 - Env Step Time: 0.3293
Consumption Time: 1.8286
 - PPO Learn Time: 1.5043
Collect-Consume Overlap Time: 0
Total Iteration Time: 2.7514

Cumulative Model Updates: 69
Cumulative Timesteps: 2,459,712

Timesteps Collected: 102,272
============================================


Collecting timesteps...
Concatenating timesteps...
Adding experience...
Learning...
Calling iteration callback...


============================================
ITERATION COMPLETED:

Average Episode Reward: 0.0090
Average Step Reward: 1.453939e-05
Policy Entropy: 4.4978
Value Function Loss: 0.0013

Mean KL Divergence: 4.876767e-05
SB3 Clip Fraction: 0
Policy Update Magnitude: 0.0698
Value Function Update Magnitude: 0.0691

Collected Steps/Second: 92,122
Overall Steps/Second: 26,137

Collection Time: 1.1227
 - Policy Infer Time: 0.6695
 - Env Step Time: 0.3842
Consumption Time: 2.8342
 - PPO Learn Time: 2.3319
Collect-Consume Overlap Time: 0
Total Iteration Time: 3.9569

Cumulative Model Updates: 72
Cumulative Timesteps: 2,563,136

Timesteps Collected: 103,424
============================================


Collecting timesteps...
Concatenating timesteps...
Adding experience...
Learning...
Calling iteration callback...


============================================
ITERATION COMPLETED:

Average Episode Reward: 0.0147
Average Step Reward: 1.621642e-05
Policy Entropy: 4.4979
Value Function Loss: 8.594685e-04

Mean KL Divergence: 5.466906e-05
SB3 Clip Fraction: 0
Policy Update Magnitude: 0.0624
Value Function Update Magnitude: 0.0535

Collected Steps/Second: 69,358
Overall Steps/Second: 20,133

Collection Time: 1.4699
 - Policy Infer Time: 0.9109
 - Env Step Time: 0.5204
Consumption Time: 3.5940
 - PPO Learn Time: 2.7396
Collect-Consume Overlap Time: 0
Total Iteration Time: 5.0639

Cumulative Model Updates: 75
Cumulative Timesteps: 2,665,088

Timesteps Collected: 101,952
============================================


Collecting timesteps...
Concatenating timesteps...
Adding experience...
Learning...
Calling iteration callback...


============================================
ITERATION COMPLETED:

Average Episode Reward: 0.0099
Average Step Reward: 1.301249e-05
Policy Entropy: 4.4979
Value Function Loss: 0.0010

Mean KL Divergence: 4.861120e-05
SB3 Clip Fraction: 0
Policy Update Magnitude: 0.0571
Value Function Update Magnitude: 0.0512

Collected Steps/Second: 53,248
Overall Steps/Second: 25,164

Collection Time: 1.8882
 - Policy Infer Time: 1.1489
 - Env Step Time: 0.5947
Consumption Time: 2.1073
 - PPO Learn Time: 1.6537
Collect-Consume Overlap Time: 0
Total Iteration Time: 3.9955

Cumulative Model Updates: 78
Cumulative Timesteps: 2,765,632

Timesteps Collected: 100,544
============================================


Collecting timesteps...
Concatenating timesteps...
Adding experience...
Learning...
Calling iteration callback...


============================================
ITERATION COMPLETED:

Average Episode Reward: 0.0039
Average Step Reward: 2.189490e-05
Policy Entropy: 4.4979
Value Function Loss: 8.923687e-04

Mean KL Divergence: 3.862179e-05
SB3 Clip Fraction: 0
Policy Update Magnitude: 0.0586
Value Function Update Magnitude: 0.0567

Collected Steps/Second: 106,565
Overall Steps/Second: 26,764

Collection Time: 0.9525
 - Policy Infer Time: 0.5619
 - Env Step Time: 0.3308
Consumption Time: 2.8399
 - PPO Learn Time: 2.3339
Collect-Consume Overlap Time: 0
Total Iteration Time: 3.7924

Cumulative Model Updates: 81
Cumulative Timesteps: 2,867,136

Timesteps Collected: 101,504
============================================


Collecting timesteps...
Concatenating timesteps...
Adding experience...
Learning...
Calling iteration callback...


============================================
ITERATION COMPLETED:

Average Episode Reward: 0.0094
Average Step Reward: 1.757813e-05
Policy Entropy: 4.4979
Value Function Loss: 0.0012

Mean KL Divergence: 3.286045e-05
SB3 Clip Fraction: 0
Policy Update Magnitude: 0.0571
Value Function Update Magnitude: 0.0580

Collected Steps/Second: 77,161
Overall Steps/Second: 25,720

Collection Time: 1.3196
 - Policy Infer Time: 0.7794
 - Env Step Time: 0.4640
Consumption Time: 2.6392
 - PPO Learn Time: 2.0407
Collect-Consume Overlap Time: 0
Total Iteration Time: 3.9588

Cumulative Model Updates: 84
Cumulative Timesteps: 2,968,960

Timesteps Collected: 101,824
============================================


Collecting timesteps...
Concatenating timesteps...
Adding experience...
Learning...
Calling iteration callback...


============================================
ITERATION COMPLETED:

Average Episode Reward: 0.0130
Average Step Reward: 1.578283e-05
Policy Entropy: 4.4979
Value Function Loss: 0.0012

Mean KL Divergence: 2.872837e-05
SB3 Clip Fraction: 0
Policy Update Magnitude: 0.0598
Value Function Update Magnitude: 0.0562

Collected Steps/Second: 88,106
Overall Steps/Second: 27,693

Collection Time: 1.1637
 - Policy Infer Time: 0.6887
 - Env Step Time: 0.4065
Consumption Time: 2.5386
 - PPO Learn Time: 1.8711
Collect-Consume Overlap Time: 0
Total Iteration Time: 3.7023

Cumulative Model Updates: 87
Cumulative Timesteps: 3,071,488

Timesteps Collected: 102,528
============================================


Collecting timesteps...
Concatenating timesteps...
Adding experience...
Learning...
Calling iteration callback...


============================================
ITERATION COMPLETED:

Average Episode Reward: 0.0053
Average Step Reward: 1.277516e-05
Policy Entropy: 4.4979
Value Function Loss: 0.0014

Mean KL Divergence: 3.422779e-05
SB3 Clip Fraction: 0
Policy Update Magnitude: 0.0705
Value Function Update Magnitude: 0.0574

Collected Steps/Second: 84,424
Overall Steps/Second: 25,105

Collection Time: 1.1970
 - Policy Infer Time: 0.6433
 - Env Step Time: 0.4690
Consumption Time: 2.8283
 - PPO Learn Time: 2.1372
Collect-Consume Overlap Time: 0
Total Iteration Time: 4.0253

Cumulative Model Updates: 90
Cumulative Timesteps: 3,172,544

Timesteps Collected: 101,056
============================================


Collecting timesteps...
Concatenating timesteps...
Adding experience...
Learning...
Calling iteration callback...


============================================
ITERATION COMPLETED:

Average Episode Reward: 0.0079
Average Step Reward: 1.657049e-05
Policy Entropy: 4.4980
Value Function Loss: 0.0015

Mean KL Divergence: 5.368933e-05
SB3 Clip Fraction: 0
Policy Update Magnitude: 0.0725
Value Function Update Magnitude: 0.0572

Collected Steps/Second: 104,257
Overall Steps/Second: 31,189

Collection Time: 1.0018
 - Policy Infer Time: 0.6118
 - Env Step Time: 0.3395
Consumption Time: 2.3470
 - PPO Learn Time: 1.7498
Collect-Consume Overlap Time: 0
Total Iteration Time: 3.3488

Cumulative Model Updates: 93
Cumulative Timesteps: 3,276,992

Timesteps Collected: 104,448
============================================


Collecting timesteps...
Concatenating timesteps...
Adding experience...
Learning...
Calling iteration callback...


============================================
ITERATION COMPLETED:

Average Episode Reward: 0.0127
Average Step Reward: 1.838235e-05
Policy Entropy: 4.4981
Value Function Loss: 0.0014

Mean KL Divergence: 6.349273e-05
SB3 Clip Fraction: 0
Policy Update Magnitude: 0.0697
Value Function Update Magnitude: 0.0583

Collected Steps/Second: 121,839
Overall Steps/Second: 33,845

Collection Time: 0.8420
 - Policy Infer Time: 0.4896
 - Env Step Time: 0.3062
Consumption Time: 2.1892
 - PPO Learn Time: 1.6598
Collect-Consume Overlap Time: 0
Total Iteration Time: 3.0312

Cumulative Model Updates: 96
Cumulative Timesteps: 3,379,584

Timesteps Collected: 102,592
============================================


Collecting timesteps...
Concatenating timesteps...
Adding experience...
Learning...
Calling iteration callback...


============================================
ITERATION COMPLETED:

Average Episode Reward: 0.0059
Average Step Reward: 1.462102e-05
Policy Entropy: 4.4982
Value Function Loss: 0.0019

Mean KL Divergence: 5.947042e-05
SB3 Clip Fraction: 0
Policy Update Magnitude: 0.0743
Value Function Update Magnitude: 0.0681

Collected Steps/Second: 122,617
Overall Steps/Second: 29,765

Collection Time: 0.8398
 - Policy Infer Time: 0.4957
 - Env Step Time: 0.2953
Consumption Time: 2.6198
 - PPO Learn Time: 2.1179
Collect-Consume Overlap Time: 0
Total Iteration Time: 3.4596

Cumulative Model Updates: 99
Cumulative Timesteps: 3,482,560

Timesteps Collected: 102,976
============================================


Collecting timesteps...
Concatenating timesteps...
Adding experience...
Learning...
Calling iteration callback...


============================================
ITERATION COMPLETED:

Average Episode Reward: 0.0061
Average Step Reward: 1.901826e-05
Policy Entropy: 4.4983
Value Function Loss: 0.0013

Mean KL Divergence: 5.279860e-05
SB3 Clip Fraction: 0
Policy Update Magnitude: 0.0708
Value Function Update Magnitude: 0.0697

Collected Steps/Second: 64,912
Overall Steps/Second: 20,930

Collection Time: 1.5568
 - Policy Infer Time: 0.9011
 - Env Step Time: 0.5241
Consumption Time: 3.2714
 - PPO Learn Time: 2.2199
Collect-Consume Overlap Time: 0
Total Iteration Time: 4.8282

Cumulative Model Updates: 102
Cumulative Timesteps: 3,583,616

Timesteps Collected: 101,056
============================================


Collecting timesteps...
Concatenating timesteps...
Adding experience...
Learning...
Calling iteration callback...


============================================
ITERATION COMPLETED:

Average Episode Reward: 0.0066
Average Step Reward: 1.720184e-05
Policy Entropy: 4.4983
Value Function Loss: 0.0013

Mean KL Divergence: 4.150136e-05
SB3 Clip Fraction: 0
Policy Update Magnitude: 0.0677
Value Function Update Magnitude: 0.0643

Collected Steps/Second: 93,590
Overall Steps/Second: 31,867

Collection Time: 1.0804
 - Policy Infer Time: 0.6465
 - Env Step Time: 0.3723
Consumption Time: 2.0927
 - PPO Learn Time: 1.5986
Collect-Consume Overlap Time: 0
Total Iteration Time: 3.1731

Cumulative Model Updates: 105
Cumulative Timesteps: 3,684,736

Timesteps Collected: 101,120
============================================


Collecting timesteps...
Concatenating timesteps...
Adding experience...
Learning...
Calling iteration callback...


============================================
ITERATION COMPLETED:

Average Episode Reward: 0.0111
Average Step Reward: 1.522904e-05
Policy Entropy: 4.4984
Value Function Loss: 0.0017

Mean KL Divergence: 2.867656e-05
SB3 Clip Fraction: 0
Policy Update Magnitude: 0.0674
Value Function Update Magnitude: 0.0562

Collected Steps/Second: 57,831
Overall Steps/Second: 26,543

Collection Time: 1.7496
 - Policy Infer Time: 1.0369
 - Env Step Time: 0.6110
Consumption Time: 2.0624
 - PPO Learn Time: 1.6473
Collect-Consume Overlap Time: 0
Total Iteration Time: 3.8121

Cumulative Model Updates: 108
Cumulative Timesteps: 3,785,920

Timesteps Collected: 101,184
============================================


Collecting timesteps...
Concatenating timesteps...
Adding experience...
Learning...
Calling iteration callback...


============================================
ITERATION COMPLETED:

Average Episode Reward: 0.0083
Average Step Reward: 2.302026e-05
Policy Entropy: 4.4984
Value Function Loss: 0.0019

Mean KL Divergence: 2.619463e-05
SB3 Clip Fraction: 0
Policy Update Magnitude: 0.0706
Value Function Update Magnitude: 0.0569

Collected Steps/Second: 86,304
Overall Steps/Second: 33,386

Collection Time: 1.1887
 - Policy Infer Time: 0.7064
 - Env Step Time: 0.4160
Consumption Time: 1.8841
 - PPO Learn Time: 1.4455
Collect-Consume Overlap Time: 0
Total Iteration Time: 3.0728

Cumulative Model Updates: 111
Cumulative Timesteps: 3,888,512

Timesteps Collected: 102,592
============================================


Collecting timesteps...
Concatenating timesteps...
Adding experience...
Learning...
Calling iteration callback...


============================================
ITERATION COMPLETED:

Average Episode Reward: 0.0125
Average Step Reward: 1.697284e-05
Policy Entropy: 4.4983
Value Function Loss: 0.0021

Mean KL Divergence: 3.445003e-05
SB3 Clip Fraction: 0
Policy Update Magnitude: 0.0772
Value Function Update Magnitude: 0.0613

Collected Steps/Second: 123,671
Overall Steps/Second: 40,549

Collection Time: 0.8208
 - Policy Infer Time: 0.4805
 - Env Step Time: 0.2884
Consumption Time: 1.6825
 - PPO Learn Time: 1.3146
Collect-Consume Overlap Time: 0
Total Iteration Time: 2.5032

Cumulative Model Updates: 114
Cumulative Timesteps: 3,990,016

Timesteps Collected: 101,504
============================================


Collecting timesteps...
Concatenating timesteps...
Adding experience...
Learning...
Calling iteration callback...


============================================
ITERATION COMPLETED:

Average Episode Reward: 0.0093
Average Step Reward: 2.152474e-05
Policy Entropy: 4.4983
Value Function Loss: 0.0017

Mean KL Divergence: 4.548152e-05
SB3 Clip Fraction: 0
Policy Update Magnitude: 0.0763
Value Function Update Magnitude: 0.0569

Collected Steps/Second: 122,175
Overall Steps/Second: 40,512

Collection Time: 0.8392
 - Policy Infer Time: 0.4856
 - Env Step Time: 0.2999
Consumption Time: 1.6916
 - PPO Learn Time: 1.3407
Collect-Consume Overlap Time: 0
Total Iteration Time: 2.5308

Cumulative Model Updates: 117
Cumulative Timesteps: 4,092,544

Timesteps Collected: 102,528
============================================


Collecting timesteps...
Concatenating timesteps...
Adding experience...
Learning...
Calling iteration callback...


============================================
ITERATION COMPLETED:

Average Episode Reward: 0.0064
Average Step Reward: 2.528002e-05
Policy Entropy: 4.4983
Value Function Loss: 0.0011

Mean KL Divergence: 5.006704e-05
SB3 Clip Fraction: 0
Policy Update Magnitude: 0.0706
Value Function Update Magnitude: 0.0539

Collected Steps/Second: 121,958
Overall Steps/Second: 39,521

Collection Time: 0.8396
 - Policy Infer Time: 0.4925
 - Env Step Time: 0.2960
Consumption Time: 1.7514
 - PPO Learn Time: 1.3759
Collect-Consume Overlap Time: 0
Total Iteration Time: 2.5910

Cumulative Model Updates: 120
Cumulative Timesteps: 4,194,944

Timesteps Collected: 102,400
============================================


Collecting timesteps...
Concatenating timesteps...
Adding experience...
Learning...
Calling iteration callback...


============================================
ITERATION COMPLETED:

Average Episode Reward: 0.0080
Average Step Reward: 2.137749e-05
Policy Entropy: 4.4983
Value Function Loss: 0.0015

Mean KL Divergence: 4.486654e-05
SB3 Clip Fraction: 0
Policy Update Magnitude: 0.0694
Value Function Update Magnitude: 0.0570

Collected Steps/Second: 105,607
Overall Steps/Second: 33,780

Collection Time: 0.9763
 - Policy Infer Time: 0.5676
 - Env Step Time: 0.3482
Consumption Time: 2.0758
 - PPO Learn Time: 1.6745
Collect-Consume Overlap Time: 0
Total Iteration Time: 3.0521

Cumulative Model Updates: 123
Cumulative Timesteps: 4,298,048

Timesteps Collected: 103,104
============================================


Collecting timesteps...
Concatenating timesteps...
Adding experience...
Learning...
Calling iteration callback...


============================================
ITERATION COMPLETED:

Average Episode Reward: 0.0078
Average Step Reward: 1.429116e-05
Policy Entropy: 4.4983
Value Function Loss: 0.0016

Mean KL Divergence: 4.355206e-05
SB3 Clip Fraction: 0
Policy Update Magnitude: 0.0706
Value Function Update Magnitude: 0.0555

Collected Steps/Second: 103,016
Overall Steps/Second: 35,510

Collection Time: 1.0257
 - Policy Infer Time: 0.6083
 - Env Step Time: 0.3427
Consumption Time: 1.9499
 - PPO Learn Time: 1.5400
Collect-Consume Overlap Time: 0
Total Iteration Time: 2.9756

Cumulative Model Updates: 126
Cumulative Timesteps: 4,403,712

Timesteps Collected: 105,664
============================================


Collecting timesteps...
Concatenating timesteps...
Adding experience...
Learning...
Calling iteration callback...


============================================
ITERATION COMPLETED:

Average Episode Reward: 0.0102
Average Step Reward: 1.556663e-05
Policy Entropy: 4.4983
Value Function Loss: 0.0021

Mean KL Divergence: 3.761325e-05
SB3 Clip Fraction: 0
Policy Update Magnitude: 0.0701
Value Function Update Magnitude: 0.0543

Collected Steps/Second: 109,692
Overall Steps/Second: 38,310

Collection Time: 0.9382
 - Policy Infer Time: 0.5435
 - Env Step Time: 0.3406
Consumption Time: 1.7481
 - PPO Learn Time: 1.4037
Collect-Consume Overlap Time: 0
Total Iteration Time: 2.6863

Cumulative Model Updates: 129
Cumulative Timesteps: 4,506,624

Timesteps Collected: 102,912
============================================


Collecting timesteps...
Concatenating timesteps...
Adding experience...
Learning...
Calling iteration callback...


============================================
ITERATION COMPLETED:

Average Episode Reward: 0.0108
Average Step Reward: 1.735040e-05
Policy Entropy: 4.4984
Value Function Loss: 0.0031

Mean KL Divergence: 3.731270e-05
SB3 Clip Fraction: 0
Policy Update Magnitude: 0.0783
Value Function Update Magnitude: 0.0715

Collected Steps/Second: 113,900
Overall Steps/Second: 39,556

Collection Time: 0.9103
 - Policy Infer Time: 0.5363
 - Env Step Time: 0.3105
Consumption Time: 1.7108
 - PPO Learn Time: 1.3716
Collect-Consume Overlap Time: 0
Total Iteration Time: 2.6210

Cumulative Model Updates: 132
Cumulative Timesteps: 4,610,304

Timesteps Collected: 103,680
============================================


Collecting timesteps...
Concatenating timesteps...
Adding experience...
Learning...
Calling iteration callback...


============================================
ITERATION COMPLETED:

Average Episode Reward: 0.0077
Average Step Reward: 1.525320e-05
Policy Entropy: 4.4984
Value Function Loss: 0.0029

Mean KL Divergence: 4.320489e-05
SB3 Clip Fraction: 0
Policy Update Magnitude: 0.0856
Value Function Update Magnitude: 0.0962

Collected Steps/Second: 127,088
Overall Steps/Second: 42,162

Collection Time: 0.8234
 - Policy Infer Time: 0.4578
 - Env Step Time: 0.3077
Consumption Time: 1.6585
 - PPO Learn Time: 1.3267
Collect-Consume Overlap Time: 0
Total Iteration Time: 2.4818

Cumulative Model Updates: 135
Cumulative Timesteps: 4,714,944

Timesteps Collected: 104,640
============================================


Collecting timesteps...
Concatenating timesteps...
Adding experience...
Learning...
Calling iteration callback...


============================================
ITERATION COMPLETED:

Average Episode Reward: 0.0076
Average Step Reward: 1.766646e-05
Policy Entropy: 4.4983
Value Function Loss: 0.0025

Mean KL Divergence: 5.440752e-05
SB3 Clip Fraction: 0
Policy Update Magnitude: 0.0876
Value Function Update Magnitude: 0.0984

Collected Steps/Second: 105,269
Overall Steps/Second: 33,944

Collection Time: 0.9654
 - Policy Infer Time: 0.5648
 - Env Step Time: 0.3438
Consumption Time: 2.0286
 - PPO Learn Time: 1.6080
Collect-Consume Overlap Time: 0
Total Iteration Time: 2.9941

Cumulative Model Updates: 138
Cumulative Timesteps: 4,816,576

Timesteps Collected: 101,632
============================================


Collecting timesteps...
Concatenating timesteps...
Adding experience...
Learning...
Calling iteration callback...


============================================
ITERATION COMPLETED:

Average Episode Reward: 0.0088
Average Step Reward: 1.569366e-05
Policy Entropy: 4.4982
Value Function Loss: 0.0019

Mean KL Divergence: 6.337291e-05
SB3 Clip Fraction: 0
Policy Update Magnitude: 0.0833
Value Function Update Magnitude: 0.0772

Collected Steps/Second: 99,552
Overall Steps/Second: 32,373

Collection Time: 1.0228
 - Policy Infer Time: 0.6045
 - Env Step Time: 0.3596
Consumption Time: 2.1225
 - PPO Learn Time: 1.7166
Collect-Consume Overlap Time: 0
Total Iteration Time: 3.1453

Cumulative Model Updates: 141
Cumulative Timesteps: 4,918,400

Timesteps Collected: 101,824
============================================


Collecting timesteps...
Concatenating timesteps...
Adding experience...
Learning...
Calling iteration callback...


============================================
ITERATION COMPLETED:

Average Episode Reward: 0.0073
Average Step Reward: 1.546073e-05
Policy Entropy: 4.4981
Value Function Loss: 0.0017

Mean KL Divergence: 5.843256e-05
SB3 Clip Fraction: 0
Policy Update Magnitude: 0.0784
Value Function Update Magnitude: 0.0662

Collected Steps/Second: 95,308
Overall Steps/Second: 33,141

Collection Time: 1.0778
 - Policy Infer Time: 0.6372
 - Env Step Time: 0.3882
Consumption Time: 2.0217
 - PPO Learn Time: 1.6037
Collect-Consume Overlap Time: 0
Total Iteration Time: 3.0994

Cumulative Model Updates: 144
Cumulative Timesteps: 5,021,120

Timesteps Collected: 102,720
============================================


Learner: Timestep limit of 5000000 reached, stopping
	Stopping agents...
