Initializing RocketSim version 2.1.1, created by ZealanL...
Loading arena meshes for soccar...
   > Loaded 483 verts and 880 tris, hash: 0xa160baf9
   > Loaded 483 verts and 880 tris, hash: 0x2811eee8
   > Loaded 80 verts and 126 tris, hash: 0xb81ac8b9
   > Loaded 80 verts and 126 tris, hash: 0x760358d3
   > Loaded 80 verts and 126 tris, hash: 0x73ae4940
   > Loaded 80 verts and 126 tris, hash: 0x918f4a4e
   > Loaded 18 verts and 16 tris, hash: 0x1f8ee550
   > Loaded 18 verts and 16 tris, hash: 0x255ba8c1
   > Loaded 483 verts and 880 tris, hash: 0x14b84668
   > Loaded 483 verts and 880 tris, hash: 0xec759ebf
   > Loaded 536 verts and 983 tris, hash: 0x94fb0d5c
   > Loaded 536 verts and 983 tris, hash: 0xdea07102
   > Loaded 536 verts and 983 tris, hash: 0xbd4fbea8
   > Loaded 536 verts and 983 tris, hash: 0x39a47f63
   > Loaded 18 verts and 16 tris, hash: 0x3d79d25d
   > Loaded 18 verts and 16 tris, hash: 0xd84c7a68
RocketSim::Init(): Finished loading arena collision meshes:
 > Soccar: 16
 > Hoops: 0
Finished initializing RocketSim in 0.011s!
Learner::Learner():
	Checkpoint Load Dir: ""
	Checkpoint Save Dir: ""
	Using CUDA GPU device...
	Initializing RocketSim...
	Creating test environment to determine OBS size and action amount...
DiscreteAction(): Lookup table built, action count: 90
		OBS size: 89
		Action amount: 90
	Creating experience buffer...
	Creating PPO Learner...
	Creating agent manager...
	Creating 8 agents...
Learner::Learn():
	Starting agents...
	Beginning learning loop:
Collecting timesteps...
Concatenating timesteps...
Adding experience...
Learning...
Calling iteration callback...


============================================
ITERATION COMPLETED:

Average Episode Reward: 0.0500
Average Step Reward: 2.329916e-05
Policy Entropy: 4.4988
Value Function Loss: 0.0165

Mean KL Divergence: 0
SB3 Clip Fraction: 0
Policy Update Magnitude: 0.0669
Value Function Update Magnitude: 0.0678

Collected Steps/Second: 37,792
Overall Steps/Second: 33,122

Collection Time: 2.6672
 - Policy Infer Time: 0.8488
 - Env Step Time: 1.7734
Consumption Time: 0.3761
 - PPO Learn Time: 0.3035
Collect-Consume Overlap Time: 0
Total Iteration Time: 3.0433

Cumulative Model Updates: 1
Cumulative Timesteps: 100,800

Timesteps Collected: 100,800
============================================


Collecting timesteps...
Concatenating timesteps...
Adding experience...
Learning...
Calling iteration callback...


============================================
ITERATION COMPLETED:

Average Episode Reward: nan
Average Step Reward: 1.591850e-05
Policy Entropy: 4.4988
Value Function Loss: 0.0088

Mean KL Divergence: 8.948009e-06
SB3 Clip Fraction: 0
Policy Update Magnitude: 0.0997
Value Function Update Magnitude: 0.0765

Collected Steps/Second: 121,414
Overall Steps/Second: 109,362

Collection Time: 0.8310
 - Policy Infer Time: 0.4986
 - Env Step Time: 0.2853
Consumption Time: 0.0916
 - PPO Learn Time: 0.0724
Collect-Consume Overlap Time: 0
Total Iteration Time: 0.9226

Cumulative Model Updates: 3
Cumulative Timesteps: 201,696

Timesteps Collected: 100,896
============================================


Collecting timesteps...
Concatenating timesteps...
Adding experience...
Learning...
Calling iteration callback...


============================================
ITERATION COMPLETED:

Average Episode Reward: 0.0500
Average Step Reward: 1.383618e-05
Policy Entropy: 4.4987
Value Function Loss: 0.0195

Mean KL Divergence: 3.970636e-05
SB3 Clip Fraction: 0
Policy Update Magnitude: 0.1152
Value Function Update Magnitude: 0.0969

Collected Steps/Second: 114,833
Overall Steps/Second: 97,826

Collection Time: 0.8786
 - Policy Infer Time: 0.5203
 - Env Step Time: 0.3130
Consumption Time: 0.1527
 - PPO Learn Time: 0.1054
Collect-Consume Overlap Time: 0
Total Iteration Time: 1.0314

Cumulative Model Updates: 6
Cumulative Timesteps: 302,592

Timesteps Collected: 100,896
============================================


Collecting timesteps...
Concatenating timesteps...
Adding experience...
Learning...
Calling iteration callback...


============================================
ITERATION COMPLETED:

Average Episode Reward: 0.0023
Average Step Reward: 2.365184e-05
Policy Entropy: 4.4987
Value Function Loss: 0.0175

Mean KL Divergence: 5.259507e-05
SB3 Clip Fraction: 0
Policy Update Magnitude: 0.0968
Value Function Update Magnitude: 0.0932

Collected Steps/Second: 125,721
Overall Steps/Second: 106,274

Collection Time: 0.8071
 - Policy Infer Time: 0.4943
 - Env Step Time: 0.2673
Consumption Time: 0.1477
 - PPO Learn Time: 0.1028
Collect-Consume Overlap Time: 0
Total Iteration Time: 0.9548

Cumulative Model Updates: 9
Cumulative Timesteps: 404,064

Timesteps Collected: 101,472
============================================


Collecting timesteps...
Concatenating timesteps...
Adding experience...
Learning...
Calling iteration callback...


============================================
ITERATION COMPLETED:

Average Episode Reward: 0.0471
Average Step Reward: 1.384932e-05
Policy Entropy: 4.4986
Value Function Loss: 0.0331

Mean KL Divergence: 4.290781e-05
SB3 Clip Fraction: 0
Policy Update Magnitude: 0.0939
Value Function Update Magnitude: 0.1012

Collected Steps/Second: 117,766
Overall Steps/Second: 99,021

Collection Time: 0.8608
 - Policy Infer Time: 0.5166
 - Env Step Time: 0.2917
Consumption Time: 0.1630
 - PPO Learn Time: 0.1157
Collect-Consume Overlap Time: 0
Total Iteration Time: 1.0238

Cumulative Model Updates: 12
Cumulative Timesteps: 505,440

Timesteps Collected: 101,376
============================================


Collecting timesteps...
Concatenating timesteps...
Adding experience...
Learning...
Calling iteration callback...


============================================
ITERATION COMPLETED:

Average Episode Reward: 0.0450
Average Step Reward: 1.276312e-05
Policy Entropy: 4.4987
Value Function Loss: 0.0238

Mean KL Divergence: 3.019178e-05
SB3 Clip Fraction: 0
Policy Update Magnitude: 0.0886
Value Function Update Magnitude: 0.1023

Collected Steps/Second: 116,863
Overall Steps/Second: 99,118

Collection Time: 0.8650
 - Policy Infer Time: 0.5113
 - Env Step Time: 0.3038
Consumption Time: 0.1549
 - PPO Learn Time: 0.1131
Collect-Consume Overlap Time: 0
Total Iteration Time: 1.0199

Cumulative Model Updates: 15
Cumulative Timesteps: 606,528

Timesteps Collected: 101,088
============================================


Collecting timesteps...
Concatenating timesteps...
Adding experience...
Learning...
Calling iteration callback...


============================================
ITERATION COMPLETED:

Average Episode Reward: 0.0015
Average Step Reward: 6.971000e-06
Policy Entropy: 4.4987
Value Function Loss: 0.0296

Mean KL Divergence: 2.910273e-05
SB3 Clip Fraction: 0
Policy Update Magnitude: 0.0894
Value Function Update Magnitude: 0.1053

Collected Steps/Second: 123,889
Overall Steps/Second: 104,335

Collection Time: 0.8183
 - Policy Infer Time: 0.4840
 - Env Step Time: 0.2834
Consumption Time: 0.1534
 - PPO Learn Time: 0.1118
Collect-Consume Overlap Time: 0
Total Iteration Time: 0.9716

Cumulative Model Updates: 18
Cumulative Timesteps: 707,904

Timesteps Collected: 101,376
============================================


Collecting timesteps...
Concatenating timesteps...
Adding experience...
Learning...
Calling iteration callback...


============================================
ITERATION COMPLETED:

Average Episode Reward: 0.0274
Average Step Reward: 3.759100e-05
Policy Entropy: 4.4987
Value Function Loss: 0.0181

Mean KL Divergence: 3.381800e-05
SB3 Clip Fraction: 0
Policy Update Magnitude: 0.0826
Value Function Update Magnitude: 0.1023

Collected Steps/Second: 120,067
Overall Steps/Second: 101,176

Collection Time: 0.8403
 - Policy Infer Time: 0.5232
 - Env Step Time: 0.2698
Consumption Time: 0.1569
 - PPO Learn Time: 0.1144
Collect-Consume Overlap Time: 0
Total Iteration Time: 0.9972

Cumulative Model Updates: 21
Cumulative Timesteps: 808,800

Timesteps Collected: 100,896
============================================


Collecting timesteps...
Concatenating timesteps...
Adding experience...
Learning...
Calling iteration callback...


============================================
ITERATION COMPLETED:

Average Episode Reward: 0.0258
Average Step Reward: 1.594896e-05
Policy Entropy: 4.4987
Value Function Loss: 0.0256

Mean KL Divergence: 3.590569e-05
SB3 Clip Fraction: 0
Policy Update Magnitude: 0.0791
Value Function Update Magnitude: 0.1077

Collected Steps/Second: 117,710
Overall Steps/Second: 99,758

Collection Time: 0.8547
 - Policy Infer Time: 0.5031
 - Env Step Time: 0.2964
Consumption Time: 0.1538
 - PPO Learn Time: 0.1125
Collect-Consume Overlap Time: 0
Total Iteration Time: 1.0085

Cumulative Model Updates: 24
Cumulative Timesteps: 909,408

Timesteps Collected: 100,608
============================================


Collecting timesteps...
Concatenating timesteps...
Adding experience...
Learning...
Calling iteration callback...


============================================
ITERATION COMPLETED:

Average Episode Reward: 0.0262
Average Step Reward: 4.872154e-06
Policy Entropy: 4.4987
Value Function Loss: 0.0283

Mean KL Divergence: 3.752598e-05
SB3 Clip Fraction: 0
Policy Update Magnitude: 0.0762
Value Function Update Magnitude: 0.1117

Collected Steps/Second: 118,731
Overall Steps/Second: 100,743

Collection Time: 0.8611
 - Policy Infer Time: 0.5099
 - Env Step Time: 0.3047
Consumption Time: 0.1538
 - PPO Learn Time: 0.1122
Collect-Consume Overlap Time: 0
Total Iteration Time: 1.0149

Cumulative Model Updates: 27
Cumulative Timesteps: 1,011,648

Timesteps Collected: 102,240
============================================


Collecting timesteps...
Concatenating timesteps...
Adding experience...
Learning...
Calling iteration callback...


============================================
ITERATION COMPLETED:

Average Episode Reward: 0.0044
Average Step Reward: 2.871514e-05
Policy Entropy: 4.4987
Value Function Loss: 0.0394

Mean KL Divergence: 3.667524e-05
SB3 Clip Fraction: 0
Policy Update Magnitude: 0.0780
Value Function Update Magnitude: 0.1236

Collected Steps/Second: 120,348
Overall Steps/Second: 101,577

Collection Time: 0.8376
 - Policy Infer Time: 0.5077
 - Env Step Time: 0.2765
Consumption Time: 0.1548
 - PPO Learn Time: 0.1131
Collect-Consume Overlap Time: 0
Total Iteration Time: 0.9923

Cumulative Model Updates: 30
Cumulative Timesteps: 1,112,448

Timesteps Collected: 100,800
============================================


Collecting timesteps...
Concatenating timesteps...
Adding experience...
Learning...
Calling iteration callback...


============================================
ITERATION COMPLETED:

Average Episode Reward: 0.0266
Average Step Reward: 1.692957e-05
Policy Entropy: 4.4987
Value Function Loss: 0.0390

Mean KL Divergence: 3.328039e-05
SB3 Clip Fraction: 0
Policy Update Magnitude: 0.0811
Value Function Update Magnitude: 0.1319

Collected Steps/Second: 121,897
Overall Steps/Second: 102,621

Collection Time: 0.8285
 - Policy Infer Time: 0.4908
 - Env Step Time: 0.2844
Consumption Time: 0.1556
 - PPO Learn Time: 0.1125
Collect-Consume Overlap Time: 0
Total Iteration Time: 0.9841

Cumulative Model Updates: 33
Cumulative Timesteps: 1,213,440

Timesteps Collected: 100,992
============================================


Collecting timesteps...
Concatenating timesteps...
Adding experience...
Learning...
Calling iteration callback...


============================================
ITERATION COMPLETED:

Average Episode Reward: 0.0171
Average Step Reward: 1.573812e-05
Policy Entropy: 4.4987
Value Function Loss: 0.0425

Mean KL Divergence: 3.168630e-05
SB3 Clip Fraction: 0
Policy Update Magnitude: 0.0820
Value Function Update Magnitude: 0.1294

Collected Steps/Second: 121,740
Overall Steps/Second: 102,822

Collection Time: 0.8335
 - Policy Infer Time: 0.4966
 - Env Step Time: 0.2916
Consumption Time: 0.1534
 - PPO Learn Time: 0.1128
Collect-Consume Overlap Time: 0
Total Iteration Time: 0.9869

Cumulative Model Updates: 36
Cumulative Timesteps: 1,314,912

Timesteps Collected: 101,472
============================================


Collecting timesteps...
Concatenating timesteps...
Adding experience...
Learning...
Calling iteration callback...


============================================
ITERATION COMPLETED:

Average Episode Reward: 0.0016
Average Step Reward: 1.860119e-05
Policy Entropy: 4.4986
Value Function Loss: 0.0538

Mean KL Divergence: 3.274639e-05
SB3 Clip Fraction: 0
Policy Update Magnitude: 0.0830
Value Function Update Magnitude: 0.1042

Collected Steps/Second: 119,303
Overall Steps/Second: 100,928

Collection Time: 0.8562
 - Policy Infer Time: 0.5124
 - Env Step Time: 0.2884
Consumption Time: 0.1559
 - PPO Learn Time: 0.1147
Collect-Consume Overlap Time: 0
Total Iteration Time: 1.0120

Cumulative Model Updates: 39
Cumulative Timesteps: 1,417,056

Timesteps Collected: 102,144
============================================


Collecting timesteps...
Concatenating timesteps...
Adding experience...
Learning...
Calling iteration callback...


============================================
ITERATION COMPLETED:

Average Episode Reward: 0.0150
Average Step Reward: 1.576790e-05
Policy Entropy: 4.4986
Value Function Loss: 0.0641

Mean KL Divergence: 3.615836e-05
SB3 Clip Fraction: 0
Policy Update Magnitude: 0.0877
Value Function Update Magnitude: 0.0970

Collected Steps/Second: 119,326
Overall Steps/Second: 100,949

Collection Time: 0.8447
 - Policy Infer Time: 0.5138
 - Env Step Time: 0.2768
Consumption Time: 0.1538
 - PPO Learn Time: 0.1126
Collect-Consume Overlap Time: 0
Total Iteration Time: 0.9985

Cumulative Model Updates: 42
Cumulative Timesteps: 1,517,856

Timesteps Collected: 100,800
============================================


Collecting timesteps...
Concatenating timesteps...
Adding experience...
Learning...
Calling iteration callback...


============================================
ITERATION COMPLETED:

Average Episode Reward: 0.0170
Average Step Reward: 1.192748e-05
Policy Entropy: 4.4986
Value Function Loss: 0.0649

Mean KL Divergence: 3.994734e-05
SB3 Clip Fraction: 0
Policy Update Magnitude: 0.0909
Value Function Update Magnitude: 0.0976

Collected Steps/Second: 125,366
Overall Steps/Second: 105,108

Collection Time: 0.8025
 - Policy Infer Time: 0.4732
 - Env Step Time: 0.2860
Consumption Time: 0.1547
 - PPO Learn Time: 0.1135
Collect-Consume Overlap Time: 0
Total Iteration Time: 0.9572

Cumulative Model Updates: 45
Cumulative Timesteps: 1,618,464

Timesteps Collected: 100,608
============================================


Collecting timesteps...
Concatenating timesteps...
Adding experience...
Learning...
Calling iteration callback...


============================================
ITERATION COMPLETED:

Average Episode Reward: 0.0064
Average Step Reward: 9.901773e-06
Policy Entropy: 4.4986
Value Function Loss: 0.0498

Mean KL Divergence: 4.031643e-05
SB3 Clip Fraction: 0
Policy Update Magnitude: 0.0906
Value Function Update Magnitude: 0.0918

Collected Steps/Second: 121,974
Overall Steps/Second: 102,714

Collection Time: 0.8335
 - Policy Infer Time: 0.4853
 - Env Step Time: 0.2930
Consumption Time: 0.1563
 - PPO Learn Time: 0.1130
Collect-Consume Overlap Time: 0
Total Iteration Time: 0.9898

Cumulative Model Updates: 48
Cumulative Timesteps: 1,720,128

Timesteps Collected: 101,664
============================================


Collecting timesteps...
Concatenating timesteps...
Adding experience...
Learning...
Calling iteration callback...


============================================
ITERATION COMPLETED:

Average Episode Reward: 0.0054
Average Step Reward: 2.777777e-05
Policy Entropy: 4.4985
Value Function Loss: 0.0632

Mean KL Divergence: 4.173706e-05
SB3 Clip Fraction: 0
Policy Update Magnitude: 0.0875
Value Function Update Magnitude: 0.0763

Collected Steps/Second: 125,581
Overall Steps/Second: 105,529

Collection Time: 0.8034
 - Policy Infer Time: 0.4918
 - Env Step Time: 0.2643
Consumption Time: 0.1527
 - PPO Learn Time: 0.1113
Collect-Consume Overlap Time: 0
Total Iteration Time: 0.9561

Cumulative Model Updates: 51
Cumulative Timesteps: 1,821,024

Timesteps Collected: 100,896
============================================


Collecting timesteps...
Concatenating timesteps...
Adding experience...
Learning...
Calling iteration callback...


============================================
ITERATION COMPLETED:

Average Episode Reward: 0.0147
Average Step Reward: 1.265576e-05
Policy Entropy: 4.4985
Value Function Loss: 0.0566

Mean KL Divergence: 4.597952e-05
SB3 Clip Fraction: 0
Policy Update Magnitude: 0.0902
Value Function Update Magnitude: 0.0718

Collected Steps/Second: 120,550
Overall Steps/Second: 101,898

Collection Time: 0.8481
 - Policy Infer Time: 0.5155
 - Env Step Time: 0.2880
Consumption Time: 0.1552
 - PPO Learn Time: 0.1127
Collect-Consume Overlap Time: 0
Total Iteration Time: 1.0033

Cumulative Model Updates: 54
Cumulative Timesteps: 1,923,264

Timesteps Collected: 102,240
============================================


Collecting timesteps...
Concatenating timesteps...
Adding experience...
Learning...
Calling iteration callback...


============================================
ITERATION COMPLETED:

Average Episode Reward: 0.0183
Average Step Reward: 1.097541e-05
Policy Entropy: 4.4983
Value Function Loss: 0.0580

Mean KL Divergence: 5.604267e-05
SB3 Clip Fraction: 0
Policy Update Magnitude: 0.0921
Value Function Update Magnitude: 0.0725

Collected Steps/Second: 120,780
Overall Steps/Second: 101,828

Collection Time: 0.8314
 - Policy Infer Time: 0.4855
 - Env Step Time: 0.2917
Consumption Time: 0.1547
 - PPO Learn Time: 0.1135
Collect-Consume Overlap Time: 0
Total Iteration Time: 0.9861

Cumulative Model Updates: 57
Cumulative Timesteps: 2,023,680

Timesteps Collected: 100,416
============================================


Learner: Timestep limit of 2000000 reached, stopping
	Stopping agents...
